<?xml version="1.0" encoding="UTF-8"?>
<testsuites name="Mocha Tests" time="0.0330" tests="6" failures="0">
  <testsuite name="Root Suite" timestamp="2022-07-24T02:08:54" tests="0" time="0.0000" failures="0">
  </testsuite>
  <testsuite name="Teste Chamada" timestamp="2022-07-24T02:08:54" tests="0" file="C:\Project\show-me-the-code-test\api\tests\Chamada.test.js" time="0.0000" failures="0">
  </testsuite>
  <testsuite name="Chamada válida" timestamp="2022-07-24T02:08:54" tests="1" file="C:\Project\show-me-the-code-test\api\tests\Chamada.test.js" time="0.0040" failures="0">
    <testcase name="Teste Chamada Chamada válida Deve possuir valores válidos" time="0.0020" classname="Deve possuir valores válidos">
    </testcase>
  </testsuite>
  <testsuite name="Chamada inválida" timestamp="2022-07-24T02:08:54" tests="1" file="C:\Project\show-me-the-code-test\api\tests\Chamada.test.js" time="0.0010" failures="0">
    <testcase name="Teste Chamada Chamada inválida Deve possuir valores inválidos" time="0.0010" classname="Deve possuir valores inválidos">
    </testcase>
    <testcase name=" Retorna o valor da tarifa com plano e sem plano" time="0.0140" classname="Retorna o valor da tarifa com plano e sem plano">
    </testcase>
    <testcase name=" Retorna o valor da tarifa ZERO quando não ultrapassa os minutos do plano" time="0.0080" classname="Retorna o valor da tarifa ZERO quando não ultrapassa os minutos do plano">
    </testcase>
  </testsuite>
  <testsuite name="Teste plano" timestamp="2022-07-24T02:08:54" tests="0" file="C:\Project\show-me-the-code-test\api\tests\Plano.test.js" time="0.0000" failures="0">
  </testsuite>
  <testsuite name="Plano válido" timestamp="2022-07-24T02:08:54" tests="1" file="C:\Project\show-me-the-code-test\api\tests\Plano.test.js" time="0.0010" failures="0">
    <testcase name="Teste plano Plano válido Deve possuir um nome válido" time="0.0000" classname="Deve possuir um nome válido">
    </testcase>
  </testsuite>
  <testsuite name="Plano inválido" timestamp="2022-07-24T02:08:54" tests="1" file="C:\Project\show-me-the-code-test\api\tests\Plano.test.js" time="0.0010" failures="0">
    <testcase name="Teste plano Plano inválido Deve possuir um nome inválido" time="0.0010" classname="Deve possuir um nome inválido">
    </testcase>
  </testsuite>
  <testsuite name="Teste Tarifa" timestamp="2022-07-24T02:08:54" tests="0" file="C:\Project\show-me-the-code-test\api\tests\Tarifa.test.js" time="0.0000" failures="0">
  </testsuite>
  <testsuite name="Tarifa válida" timestamp="2022-07-24T02:08:54" tests="1" file="C:\Project\show-me-the-code-test\api\tests\Tarifa.test.js" time="0.0000" failures="0">
    <testcase name="Teste Tarifa Tarifa válida Deve possuir valores válidos" time="0.0000" classname="Deve possuir valores válidos">
    </testcase>
  </testsuite>
  <testsuite name="Tarifa inválida" timestamp="2022-07-24T02:08:54" tests="1" file="C:\Project\show-me-the-code-test\api\tests\Tarifa.test.js" time="0.0010" failures="0">
    <testcase name="Teste Tarifa Tarifa inválida Deve possuir valores inválidos" time="0.0010" classname="Deve possuir valores inválidos">
    </testcase>
  </testsuite>
</testsuites>